To honour the JVM settings for this build a single-use Daemon process will be forked. For more on this, please refer to https://docs.gradle.org/8.13/userguide/gradle_daemon.html#sec:disabling_the_daemon in the Gradle documentation.
Daemon will be stopped at the end of the build 

> Configure project :app
Detected use of deprecated firebaseAppDistribution { } block. If you used this block in your root project, switch to firebaseAppDistributionDefault { } instead. If you used this block in a productFlavors or buildTypes, import `com.google.firebase.appdistribution.gradle.firebaseAppDistribution` to fix this issue.
Detected use of deprecated firebaseAppDistribution { } block. If you used this block in your root project, switch to firebaseAppDistributionDefault { } instead. If you used this block in a productFlavors or buildTypes, import `com.google.firebase.appdistribution.gradle.firebaseAppDistribution` to fix this issue.

> Task :core:domain:checkKotlinGradlePluginConfigurationErrors SKIPPED
> Task :core:domain:processResources NO-SOURCE
> Task :app:preBuild UP-TO-DATE
> Task :app:preDebugBuild UP-TO-DATE
> Task :app:checkKotlinGradlePluginConfigurationErrors SKIPPED
> Task :app:generateDebugBuildConfig UP-TO-DATE
> Task :core:data:preBuild UP-TO-DATE
> Task :core:data:preDebugBuild UP-TO-DATE
> Task :core:data:writeDebugAarMetadata UP-TO-DATE
> Task :core:ui:preBuild UP-TO-DATE
> Task :core:ui:preDebugBuild UP-TO-DATE
> Task :core:ui:writeDebugAarMetadata UP-TO-DATE
> Task :exchange:coinbase:preBuild UP-TO-DATE
> Task :exchange:coinbase:preDebugBuild UP-TO-DATE
> Task :exchange:coinbase:writeDebugAarMetadata UP-TO-DATE
> Task :feature:dashboard:preBuild UP-TO-DATE
> Task :feature:dashboard:preDebugBuild UP-TO-DATE
> Task :feature:dashboard:writeDebugAarMetadata UP-TO-DATE
> Task :feature:settings:preBuild UP-TO-DATE
> Task :feature:settings:preDebugBuild UP-TO-DATE
> Task :feature:settings:writeDebugAarMetadata UP-TO-DATE
> Task :feature:trading:preBuild UP-TO-DATE
> Task :feature:trading:preDebugBuild UP-TO-DATE
> Task :feature:trading:writeDebugAarMetadata UP-TO-DATE
> Task :app:checkDebugAarMetadata UP-TO-DATE
> Task :core:data:processDebugNavigationResources UP-TO-DATE
> Task :core:ui:processDebugNavigationResources UP-TO-DATE
> Task :exchange:coinbase:processDebugNavigationResources UP-TO-DATE
> Task :feature:dashboard:processDebugNavigationResources UP-TO-DATE
> Task :feature:settings:processDebugNavigationResources UP-TO-DATE
> Task :feature:trading:processDebugNavigationResources UP-TO-DATE
> Task :app:processDebugNavigationResources UP-TO-DATE
> Task :app:compileDebugNavigationResources UP-TO-DATE
> Task :app:generateDebugResValues UP-TO-DATE
> Task :app:processDebugGoogleServices UP-TO-DATE
> Task :core:data:generateDebugResValues UP-TO-DATE
> Task :core:data:generateDebugResources UP-TO-DATE
> Task :core:data:packageDebugResources UP-TO-DATE
> Task :core:ui:generateDebugResValues UP-TO-DATE
> Task :core:ui:generateDebugResources UP-TO-DATE
> Task :core:ui:packageDebugResources UP-TO-DATE
> Task :exchange:coinbase:generateDebugResValues UP-TO-DATE
> Task :exchange:coinbase:generateDebugResources UP-TO-DATE
> Task :exchange:coinbase:packageDebugResources UP-TO-DATE
> Task :feature:dashboard:generateDebugResValues UP-TO-DATE
> Task :feature:dashboard:generateDebugResources UP-TO-DATE
> Task :feature:dashboard:packageDebugResources UP-TO-DATE
> Task :feature:settings:generateDebugResValues UP-TO-DATE
> Task :feature:settings:generateDebugResources UP-TO-DATE
> Task :feature:settings:packageDebugResources UP-TO-DATE
> Task :feature:trading:generateDebugResValues UP-TO-DATE
> Task :feature:trading:generateDebugResources UP-TO-DATE
> Task :feature:trading:packageDebugResources UP-TO-DATE
> Task :app:mapDebugSourceSetPaths UP-TO-DATE
> Task :app:generateDebugResources UP-TO-DATE
> Task :app:mergeDebugResources UP-TO-DATE
> Task :app:packageDebugResources UP-TO-DATE
> Task :app:parseDebugLocalResources UP-TO-DATE
> Task :app:createDebugCompatibleScreenManifests UP-TO-DATE
> Task :app:extractDeepLinksDebug UP-TO-DATE
> Task :core:data:extractDeepLinksDebug UP-TO-DATE
> Task :core:data:processDebugManifest UP-TO-DATE
> Task :core:ui:extractDeepLinksDebug UP-TO-DATE
> Task :core:ui:processDebugManifest UP-TO-DATE
> Task :exchange:coinbase:extractDeepLinksDebug UP-TO-DATE
> Task :exchange:coinbase:processDebugManifest UP-TO-DATE
> Task :feature:dashboard:extractDeepLinksDebug UP-TO-DATE
> Task :feature:dashboard:processDebugManifest UP-TO-DATE
> Task :feature:settings:extractDeepLinksDebug UP-TO-DATE
> Task :feature:settings:processDebugManifest UP-TO-DATE
> Task :feature:trading:extractDeepLinksDebug UP-TO-DATE
> Task :feature:trading:processDebugManifest UP-TO-DATE
> Task :core:domain:compileKotlin
> Task :app:processDebugMainManifest
> Task :core:domain:compileJava NO-SOURCE
> Task :core:domain:classes UP-TO-DATE
> Task :core:domain:jar
> Task :app:processDebugManifest
> Task :core:data:compileDebugLibraryResources UP-TO-DATE
> Task :core:data:parseDebugLocalResources UP-TO-DATE
> Task :core:data:generateDebugRFile UP-TO-DATE
> Task :core:ui:compileDebugLibraryResources UP-TO-DATE
> Task :core:ui:parseDebugLocalResources UP-TO-DATE
> Task :core:ui:generateDebugRFile UP-TO-DATE
> Task :exchange:coinbase:compileDebugLibraryResources UP-TO-DATE
> Task :exchange:coinbase:parseDebugLocalResources UP-TO-DATE
> Task :exchange:coinbase:generateDebugRFile UP-TO-DATE
> Task :feature:dashboard:compileDebugLibraryResources UP-TO-DATE
> Task :feature:dashboard:parseDebugLocalResources UP-TO-DATE
> Task :feature:dashboard:generateDebugRFile UP-TO-DATE
> Task :feature:settings:compileDebugLibraryResources UP-TO-DATE
> Task :feature:settings:parseDebugLocalResources UP-TO-DATE
> Task :feature:settings:generateDebugRFile UP-TO-DATE
> Task :feature:trading:compileDebugLibraryResources UP-TO-DATE
> Task :feature:trading:parseDebugLocalResources UP-TO-DATE
> Task :feature:trading:generateDebugRFile UP-TO-DATE
> Task :core:data:checkKotlinGradlePluginConfigurationErrors SKIPPED
> Task :app:processDebugManifestForPackage
> Task :core:data:javaPreCompileDebug UP-TO-DATE
> Task :core:ui:checkKotlinGradlePluginConfigurationErrors SKIPPED
> Task :core:ui:javaPreCompileDebug UP-TO-DATE
> Task :exchange:coinbase:checkKotlinGradlePluginConfigurationErrors SKIPPED
> Task :app:processDebugResources
> Task :exchange:coinbase:javaPreCompileDebug UP-TO-DATE
> Task :feature:dashboard:checkKotlinGradlePluginConfigurationErrors SKIPPED
> Task :feature:dashboard:javaPreCompileDebug UP-TO-DATE
> Task :feature:settings:checkKotlinGradlePluginConfigurationErrors SKIPPED
> Task :feature:settings:javaPreCompileDebug UP-TO-DATE
> Task :feature:trading:checkKotlinGradlePluginConfigurationErrors SKIPPED
> Task :feature:trading:javaPreCompileDebug UP-TO-DATE
> Task :app:javaPreCompileDebug UP-TO-DATE
> Task :app:preDebugUnitTestBuild UP-TO-DATE
> Task :app:preReleaseBuild UP-TO-DATE
> Task :app:javaPreCompileDebugUnitTest
> Task :app:buildKotlinToolingMetadata
> Task :app:generateReleaseBuildConfig
> Task :core:data:preReleaseBuild UP-TO-DATE
> Task :core:ui:preReleaseBuild UP-TO-DATE
> Task :exchange:coinbase:preReleaseBuild UP-TO-DATE
> Task :core:data:writeReleaseAarMetadata
> Task :core:ui:writeReleaseAarMetadata
> Task :feature:dashboard:preReleaseBuild UP-TO-DATE
> Task :exchange:coinbase:writeReleaseAarMetadata
> Task :feature:settings:preReleaseBuild UP-TO-DATE
> Task :feature:dashboard:writeReleaseAarMetadata
> Task :feature:trading:preReleaseBuild UP-TO-DATE
> Task :feature:settings:writeReleaseAarMetadata
> Task :feature:trading:writeReleaseAarMetadata
> Task :core:data:processReleaseNavigationResources
> Task :core:ui:processReleaseNavigationResources
> Task :exchange:coinbase:processReleaseNavigationResources
> Task :feature:dashboard:processReleaseNavigationResources
> Task :feature:settings:processReleaseNavigationResources
> Task :feature:trading:processReleaseNavigationResources
> Task :app:checkReleaseAarMetadata
> Task :app:processReleaseNavigationResources
> Task :app:generateReleaseResValues
> Task :app:compileReleaseNavigationResources
> Task :app:processReleaseGoogleServices
> Task :core:data:generateReleaseResValues
> Task :core:data:generateReleaseResources
> Task :core:data:packageReleaseResources
> Task :core:ui:generateReleaseResValues
> Task :core:ui:generateReleaseResources
> Task :core:ui:packageReleaseResources
> Task :exchange:coinbase:generateReleaseResValues
> Task :exchange:coinbase:generateReleaseResources
> Task :core:ui:compileDebugKotlin
> Task :exchange:coinbase:packageReleaseResources
> Task :core:ui:compileDebugJavaWithJavac NO-SOURCE
> Task :core:ui:bundleLibCompileToJarDebug UP-TO-DATE
> Task :core:ui:bundleLibRuntimeToJarDebug UP-TO-DATE
> Task :core:ui:processDebugJavaRes UP-TO-DATE
> Task :core:ui:createFullJarDebug UP-TO-DATE
> Task :feature:dashboard:generateReleaseResValues
> Task :feature:dashboard:generateReleaseResources
> Task :feature:dashboard:packageReleaseResources
> Task :feature:settings:generateReleaseResValues
> Task :feature:settings:generateReleaseResources
> Task :feature:settings:packageReleaseResources
> Task :feature:trading:generateReleaseResValues
> Task :feature:trading:generateReleaseResources
> Task :feature:trading:packageReleaseResources
> Task :app:mapReleaseSourceSetPaths
> Task :app:generateReleaseResources
> Task :exchange:coinbase:kspDebugKotlin
> Task :app:packageReleaseResources
> Task :app:createReleaseCompatibleScreenManifests
> Task :app:extractDeepLinksRelease
> Task :core:data:extractDeepLinksRelease
> Task :core:ui:extractDeepLinksRelease
> Task :core:data:processReleaseManifest
> Task :app:parseReleaseLocalResources
> Task :exchange:coinbase:extractDeepLinksRelease
> Task :core:ui:processReleaseManifest
> Task :feature:dashboard:extractDeepLinksRelease
> Task :exchange:coinbase:processReleaseManifest
> Task :feature:settings:extractDeepLinksRelease
> Task :feature:dashboard:processReleaseManifest
> Task :app:mergeReleaseResources
> Task :feature:trading:extractDeepLinksRelease
> Task :feature:settings:processReleaseManifest
> Task :feature:trading:processReleaseManifest
> Task :core:data:compileReleaseLibraryResources
> Task :app:processReleaseMainManifest
> Task :app:processReleaseManifest
> Task :core:ui:compileReleaseLibraryResources
> Task :core:data:parseReleaseLocalResources
> Task :exchange:coinbase:compileReleaseLibraryResources
> Task :core:ui:parseReleaseLocalResources
> Task :app:processReleaseManifestForPackage
> Task :exchange:coinbase:parseReleaseLocalResources
> Task :feature:dashboard:compileReleaseLibraryResources
> Task :core:ui:generateReleaseRFile
> Task :core:data:generateReleaseRFile
> Task :feature:settings:compileReleaseLibraryResources
> Task :feature:dashboard:parseReleaseLocalResources
> Task :exchange:coinbase:generateReleaseRFile
> Task :feature:trading:compileReleaseLibraryResources
> Task :feature:settings:parseReleaseLocalResources
> Task :feature:dashboard:generateReleaseRFile
> Task :feature:trading:parseReleaseLocalResources
> Task :feature:settings:generateReleaseRFile
> Task :core:data:kspDebugKotlin
> Task :feature:trading:generateReleaseRFile
> Task :core:data:javaPreCompileRelease
> Task :exchange:coinbase:compileDebugKotlin
> Task :app:processReleaseResources

> Task :core:data:compileDebugKotlin
w: file:///Users/dariuspartene/AndroidStudioProjects/TradeFlow/core/data/src/main/kotlin/com/tradeflow/core/data/security/SecureCredentialStore.kt:4:8 'class EncryptedSharedPreferences : Any, SharedPreferences' is deprecated. Deprecated in Java.
w: file:///Users/dariuspartene/AndroidStudioProjects/TradeFlow/core/data/src/main/kotlin/com/tradeflow/core/data/security/SecureCredentialStore.kt:5:8 'class MasterKey : Any' is deprecated. Deprecated in Java.
w: file:///Users/dariuspartene/AndroidStudioProjects/TradeFlow/core/data/src/main/kotlin/com/tradeflow/core/data/security/SecureCredentialStore.kt:15:29 'class MasterKey : Any' is deprecated. Deprecated in Java.
w: file:///Users/dariuspartene/AndroidStudioProjects/TradeFlow/core/data/src/main/kotlin/com/tradeflow/core/data/security/SecureCredentialStore.kt:15:39 'constructor(p0: @NonNull() Context): MasterKey.Builder' is deprecated. Deprecated in Java.
w: file:///Users/dariuspartene/AndroidStudioProjects/TradeFlow/core/data/src/main/kotlin/com/tradeflow/core/data/security/SecureCredentialStore.kt:16:23 'class MasterKey : Any' is deprecated. Deprecated in Java.
w: file:///Users/dariuspartene/AndroidStudioProjects/TradeFlow/core/data/src/main/kotlin/com/tradeflow/core/data/security/SecureCredentialStore.kt:16:33 'enum class KeyScheme : Enum<MasterKey.KeyScheme!>' is deprecated. Deprecated in Java.
w: file:///Users/dariuspartene/AndroidStudioProjects/TradeFlow/core/data/src/main/kotlin/com/tradeflow/core/data/security/SecureCredentialStore.kt:19:25 'class EncryptedSharedPreferences : Any, SharedPreferences' is deprecated. Deprecated in Java.
w: file:///Users/dariuspartene/AndroidStudioProjects/TradeFlow/core/data/src/main/kotlin/com/tradeflow/core/data/security/SecureCredentialStore.kt:23:9 'class EncryptedSharedPreferences : Any, SharedPreferences' is deprecated. Deprecated in Java.
w: file:///Users/dariuspartene/AndroidStudioProjects/TradeFlow/core/data/src/main/kotlin/com/tradeflow/core/data/security/SecureCredentialStore.kt:23:36 'enum class PrefKeyEncryptionScheme : Enum<EncryptedSharedPreferences.PrefKeyEncryptionScheme!>' is deprecated. Deprecated in Java.
w: file:///Users/dariuspartene/AndroidStudioProjects/TradeFlow/core/data/src/main/kotlin/com/tradeflow/core/data/security/SecureCredentialStore.kt:24:9 'class EncryptedSharedPreferences : Any, SharedPreferences' is deprecated. Deprecated in Java.
w: file:///Users/dariuspartene/AndroidStudioProjects/TradeFlow/core/data/src/main/kotlin/com/tradeflow/core/data/security/SecureCredentialStore.kt:24:36 'enum class PrefValueEncryptionScheme : Enum<EncryptedSharedPreferences.PrefValueEncryptionScheme!>' is deprecated. Deprecated in Java.

> Task :exchange:coinbase:compileDebugJavaWithJavac
> Task :core:data:compileDebugJavaWithJavac
> Task :core:data:processDebugJavaRes UP-TO-DATE
> Task :exchange:coinbase:processDebugJavaRes UP-TO-DATE
> Task :core:ui:javaPreCompileRelease
> Task :exchange:coinbase:transformDebugClassesWithAsm
> Task :core:data:transformDebugClassesWithAsm
> Task :core:data:bundleLibCompileToJarDebug UP-TO-DATE
> Task :exchange:coinbase:bundleLibCompileToJarDebug UP-TO-DATE
> Task :core:data:bundleLibRuntimeToJarDebug UP-TO-DATE
> Task :feature:dashboard:kspDebugKotlin NO-SOURCE
> Task :feature:dashboard:compileDebugKotlin NO-SOURCE
> Task :feature:dashboard:compileDebugJavaWithJavac NO-SOURCE
> Task :feature:settings:kspDebugKotlin NO-SOURCE
> Task :feature:settings:compileDebugKotlin NO-SOURCE
> Task :feature:settings:compileDebugJavaWithJavac NO-SOURCE
> Task :feature:dashboard:transformDebugClassesWithAsm
> Task :feature:dashboard:bundleLibCompileToJarDebug UP-TO-DATE
> Task :feature:settings:transformDebugClassesWithAsm
> Task :feature:trading:kspDebugKotlin NO-SOURCE
> Task :feature:settings:bundleLibCompileToJarDebug UP-TO-DATE
> Task :feature:trading:compileDebugKotlin NO-SOURCE
> Task :feature:trading:compileDebugJavaWithJavac NO-SOURCE
> Task :feature:dashboard:bundleLibRuntimeToJarDebug UP-TO-DATE
> Task :feature:dashboard:processDebugJavaRes NO-SOURCE
> Task :feature:trading:transformDebugClassesWithAsm
> Task :feature:dashboard:createFullJarDebug UP-TO-DATE
> Task :feature:trading:bundleLibCompileToJarDebug UP-TO-DATE
> Task :feature:trading:bundleLibRuntimeToJarDebug UP-TO-DATE
> Task :feature:trading:processDebugJavaRes NO-SOURCE
> Task :feature:trading:createFullJarDebug UP-TO-DATE
> Task :feature:settings:bundleLibRuntimeToJarDebug UP-TO-DATE
> Task :feature:settings:processDebugJavaRes NO-SOURCE
> Task :core:data:kspReleaseKotlin
> Task :feature:settings:createFullJarDebug UP-TO-DATE
> Task :core:data:createFullJarDebug UP-TO-DATE
> Task :exchange:coinbase:bundleLibRuntimeToJarDebug UP-TO-DATE
> Task :exchange:coinbase:createFullJarDebug UP-TO-DATE
> Task :core:ui:compileReleaseKotlin
> Task :core:ui:compileReleaseJavaWithJavac NO-SOURCE
> Task :exchange:coinbase:javaPreCompileRelease
> Task :feature:dashboard:javaPreCompileRelease
> Task :feature:settings:javaPreCompileRelease
> Task :feature:trading:javaPreCompileRelease
> Task :app:javaPreCompileRelease
> Task :core:ui:bundleLibRuntimeToJarRelease
> Task :core:ui:bundleLibCompileToJarRelease
> Task :core:ui:processReleaseJavaRes
> Task :core:ui:createFullJarRelease
> Task :app:preReleaseUnitTestBuild UP-TO-DATE
> Task :core:data:preDebugUnitTestBuild UP-TO-DATE
> Task :app:javaPreCompileReleaseUnitTest
> Task :core:data:preReleaseUnitTestBuild UP-TO-DATE
> Task :core:data:javaPreCompileDebugUnitTest
> Task :core:data:generateDebugUnitTestStubRFile
> Task :core:data:javaPreCompileReleaseUnitTest
> Task :core:data:kspDebugUnitTestKotlin NO-SOURCE
> Task :core:data:generateReleaseUnitTestStubRFile
> Task :core:data:compileDebugUnitTestKotlin NO-SOURCE
> Task :core:data:compileDebugUnitTestJavaWithJavac NO-SOURCE
> Task :exchange:coinbase:kspReleaseKotlin
> Task :core:data:hiltAggregateDepsDebugUnitTest
> Task :core:data:hiltJavaCompileDebugUnitTest NO-SOURCE
> Task :core:data:processDebugUnitTestJavaRes NO-SOURCE
> Task :core:domain:processTestResources NO-SOURCE
> Task :core:ui:preDebugUnitTestBuild UP-TO-DATE
> Task :core:data:transformDebugUnitTestClassesWithAsm
> Task :core:data:testDebugUnitTest NO-SOURCE
> Task :core:ui:preReleaseUnitTestBuild UP-TO-DATE
> Task :core:ui:javaPreCompileDebugUnitTest
> Task :core:ui:generateDebugUnitTestStubRFile
> Task :core:ui:compileDebugUnitTestKotlin NO-SOURCE
> Task :core:ui:compileDebugUnitTestJavaWithJavac NO-SOURCE
> Task :core:ui:processDebugUnitTestJavaRes NO-SOURCE
> Task :core:ui:testDebugUnitTest NO-SOURCE
> Task :exchange:coinbase:preDebugUnitTestBuild UP-TO-DATE
> Task :core:ui:generateReleaseUnitTestStubRFile
> Task :core:ui:javaPreCompileReleaseUnitTest

> Task :core:data:compileReleaseKotlin
w: file:///Users/dariuspartene/AndroidStudioProjects/TradeFlow/core/data/src/main/kotlin/com/tradeflow/core/data/security/SecureCredentialStore.kt:4:8 'class EncryptedSharedPreferences : Any, SharedPreferences' is deprecated. Deprecated in Java.
w: file:///Users/dariuspartene/AndroidStudioProjects/TradeFlow/core/data/src/main/kotlin/com/tradeflow/core/data/security/SecureCredentialStore.kt:5:8 'class MasterKey : Any' is deprecated. Deprecated in Java.
w: file:///Users/dariuspartene/AndroidStudioProjects/TradeFlow/core/data/src/main/kotlin/com/tradeflow/core/data/security/SecureCredentialStore.kt:15:29 'class MasterKey : Any' is deprecated. Deprecated in Java.
w: file:///Users/dariuspartene/AndroidStudioProjects/TradeFlow/core/data/src/main/kotlin/com/tradeflow/core/data/security/SecureCredentialStore.kt:15:39 'constructor(p0: @NonNull() Context): MasterKey.Builder' is deprecated. Deprecated in Java.
w: file:///Users/dariuspartene/AndroidStudioProjects/TradeFlow/core/data/src/main/kotlin/com/tradeflow/core/data/security/SecureCredentialStore.kt:16:23 'class MasterKey : Any' is deprecated. Deprecated in Java.
w: file:///Users/dariuspartene/AndroidStudioProjects/TradeFlow/core/data/src/main/kotlin/com/tradeflow/core/data/security/SecureCredentialStore.kt:16:33 'enum class KeyScheme : Enum<MasterKey.KeyScheme!>' is deprecated. Deprecated in Java.
w: file:///Users/dariuspartene/AndroidStudioProjects/TradeFlow/core/data/src/main/kotlin/com/tradeflow/core/data/security/SecureCredentialStore.kt:19:25 'class EncryptedSharedPreferences : Any, SharedPreferences' is deprecated. Deprecated in Java.
w: file:///Users/dariuspartene/AndroidStudioProjects/TradeFlow/core/data/src/main/kotlin/com/tradeflow/core/data/security/SecureCredentialStore.kt:23:9 'class EncryptedSharedPreferences : Any, SharedPreferences' is deprecated. Deprecated in Java.
w: file:///Users/dariuspartene/AndroidStudioProjects/TradeFlow/core/data/src/main/kotlin/com/tradeflow/core/data/security/SecureCredentialStore.kt:23:36 'enum class PrefKeyEncryptionScheme : Enum<EncryptedSharedPreferences.PrefKeyEncryptionScheme!>' is deprecated. Deprecated in Java.
w: file:///Users/dariuspartene/AndroidStudioProjects/TradeFlow/core/data/src/main/kotlin/com/tradeflow/core/data/security/SecureCredentialStore.kt:24:9 'class EncryptedSharedPreferences : Any, SharedPreferences' is deprecated. Deprecated in Java.
w: file:///Users/dariuspartene/AndroidStudioProjects/TradeFlow/core/data/src/main/kotlin/com/tradeflow/core/data/security/SecureCredentialStore.kt:24:36 'enum class PrefValueEncryptionScheme : Enum<EncryptedSharedPreferences.PrefValueEncryptionScheme!>' is deprecated. Deprecated in Java.

> Task :exchange:coinbase:generateDebugUnitTestStubRFile
> Task :core:data:compileReleaseJavaWithJavac
> Task :core:data:processReleaseJavaRes
> Task :core:ui:compileReleaseUnitTestKotlin NO-SOURCE
> Task :core:ui:compileReleaseUnitTestJavaWithJavac NO-SOURCE
> Task :core:ui:processReleaseUnitTestJavaRes NO-SOURCE
> Task :core:ui:testReleaseUnitTest NO-SOURCE
> Task :core:ui:test UP-TO-DATE
> Task :exchange:coinbase:kspDebugUnitTestKotlin NO-SOURCE
> Task :exchange:coinbase:compileDebugUnitTestKotlin NO-SOURCE
> Task :exchange:coinbase:preReleaseUnitTestBuild UP-TO-DATE
> Task :exchange:coinbase:javaPreCompileDebugUnitTest
> Task :exchange:coinbase:compileDebugUnitTestJavaWithJavac NO-SOURCE
> Task :exchange:coinbase:generateReleaseUnitTestStubRFile
> Task :feature:dashboard:preDebugUnitTestBuild UP-TO-DATE
> Task :exchange:coinbase:javaPreCompileReleaseUnitTest
> Task :exchange:coinbase:hiltAggregateDepsDebugUnitTest
> Task :core:data:transformReleaseClassesWithAsm
> Task :exchange:coinbase:compileReleaseKotlin
> Task :feature:dashboard:generateDebugUnitTestStubRFile
> Task :core:data:bundleLibCompileToJarRelease
> Task :core:domain:compileTestKotlin
> Task :app:kspDebugKotlin
> Task :exchange:coinbase:compileReleaseJavaWithJavac
> Task :feature:dashboard:kspReleaseKotlin NO-SOURCE
> Task :feature:dashboard:compileReleaseKotlin NO-SOURCE
> Task :feature:dashboard:compileReleaseJavaWithJavac NO-SOURCE
> Task :feature:settings:kspReleaseKotlin NO-SOURCE
> Task :feature:settings:compileReleaseKotlin NO-SOURCE
> Task :feature:settings:compileReleaseJavaWithJavac NO-SOURCE
> Task :core:data:bundleLibRuntimeToJarRelease
> Task :feature:trading:kspReleaseKotlin NO-SOURCE
> Task :feature:dashboard:transformReleaseClassesWithAsm
> Task :exchange:coinbase:transformReleaseClassesWithAsm
> Task :feature:settings:transformReleaseClassesWithAsm
> Task :feature:dashboard:bundleLibCompileToJarRelease
> Task :feature:settings:bundleLibCompileToJarRelease
> Task :feature:trading:compileReleaseKotlin NO-SOURCE
> Task :feature:trading:compileReleaseJavaWithJavac NO-SOURCE
> Task :exchange:coinbase:bundleLibCompileToJarRelease
> Task :feature:trading:transformReleaseClassesWithAsm
> Task :feature:dashboard:bundleLibRuntimeToJarRelease
> Task :feature:dashboard:processReleaseJavaRes NO-SOURCE
> Task :feature:trading:bundleLibCompileToJarRelease
> Task :feature:dashboard:createFullJarRelease
> Task :feature:trading:processReleaseJavaRes NO-SOURCE
> Task :feature:trading:bundleLibRuntimeToJarRelease
> Task :feature:trading:createFullJarRelease
> Task :feature:settings:processReleaseJavaRes NO-SOURCE
> Task :feature:settings:bundleLibRuntimeToJarRelease
> Task :feature:settings:createFullJarRelease
> Task :core:data:createFullJarRelease
> Task :exchange:coinbase:bundleLibRuntimeToJarRelease
> Task :exchange:coinbase:processReleaseJavaRes
> Task :exchange:coinbase:createFullJarRelease
> Task :core:data:kspReleaseUnitTestKotlin NO-SOURCE
> Task :core:data:compileReleaseUnitTestKotlin NO-SOURCE
> Task :core:data:compileReleaseUnitTestJavaWithJavac NO-SOURCE
> Task :core:domain:compileTestJava NO-SOURCE
> Task :core:domain:testClasses UP-TO-DATE
> Task :core:data:hiltAggregateDepsReleaseUnitTest

> Task :app:compileDebugKotlin
w: file:///Users/dariuspartene/AndroidStudioProjects/TradeFlow/app/src/main/java/com/dpart/tradeflow/presentation/dashboard/DashboardScreen.kt:37:37 'fun <reified VM : ViewModel> hiltViewModel(viewModelStoreOwner: ViewModelStoreOwner = ..., key: String? = ...): VM' is deprecated. Moved to package: androidx.hilt.lifecycle.viewmodel.compose.
OpenJDK 64-Bit Server VM warning: Sharing is only supported for boot loader classes because bootstrap classpath has been appended

> Task :app:kspReleaseKotlin

> Task :core:domain:test FAILED

RiskManagerTest > validateOrder handles portfolio with zero USD balance FAILED
    java.lang.ArithmeticException at RiskManagerTest.kt:289

53 tests completed, 1 failed

FAILURE: Build failed with an exception.

* What went wrong:
Execution failed for task ':core:domain:test'.
> There were failing tests. See the report at: file:///Users/dariuspartene/AndroidStudioProjects/TradeFlow/core/domain/build/reports/tests/test/index.html

* Try:
> Run with --scan to get full insights.

BUILD FAILED in 11s
261 actionable tasks: 160 executed, 101 up-to-date
